### BTest baseline data generated by btest-diff. Do not edit. Use "btest -U/-u" to update. Requires BTest >= 0.63.
### NOTE: This file has been sorted with diff-sort.
[opcode=4, key_id=0, session_id=\xa5\xf64\x99m)\%, packet_id_ack_array=<uninitialized>, remote_session_id=<uninitialized>, packet_id=3, data_len=1250]
[opcode=4, key_id=0, session_id=\xa5\xf64\x99m)\%, packet_id_ack_array=<uninitialized>, remote_session_id=<uninitialized>, packet_id=4, data_len=151]
[opcode=4, key_id=0, session_id=\xa5\xf64\x99m)\%, packet_id_ack_array=<uninitialized>, remote_session_id=<uninitialized>, packet_id=5, data_len=35]
[opcode=4, key_id=0, session_id=\xa5\xf64\x99m)\%, packet_id_ack_array=<uninitialized>, remote_session_id=<uninitialized>, packet_id=6, data_len=35]
[opcode=4, key_id=0, session_id=\xa5\xf64\x99m)\%, packet_id_ack_array=[0], remote_session_id=~\xde\xe5\xb2\xe2\xc1(~, packet_id=1, data_len=277]
[opcode=4, key_id=0, session_id=\xa5\xf64\x99m)\%, packet_id_ack_array=[2], remote_session_id=~\xde\xe5\xb2\xe2\xc1(~, packet_id=2, data_len=1250]
[opcode=4, key_id=0, session_id=~\xde\xe5\xb2\xe2\xc1(~, packet_id_ack_array=<uninitialized>, remote_session_id=<uninitialized>, packet_id=2, data_len=1155]
[opcode=4, key_id=0, session_id=~\xde\xe5\xb2\xe2\xc1(~, packet_id_ack_array=<uninitialized>, remote_session_id=<uninitialized>, packet_id=5, data_len=322]
[opcode=4, key_id=0, session_id=~\xde\xe5\xb2\xe2\xc1(~, packet_id_ack_array=<uninitialized>, remote_session_id=<uninitialized>, packet_id=6, data_len=680]
[opcode=4, key_id=0, session_id=~\xde\xe5\xb2\xe2\xc1(~, packet_id_ack_array=<uninitialized>, remote_session_id=<uninitialized>, packet_id=7, data_len=36]
[opcode=4, key_id=0, session_id=~\xde\xe5\xb2\xe2\xc1(~, packet_id_ack_array=[1], remote_session_id=\xa5\xf64\x99m)\%, packet_id=1, data_len=1250]
[opcode=4, key_id=0, session_id=~\xde\xe5\xb2\xe2\xc1(~, packet_id_ack_array=[3], remote_session_id=\xa5\xf64\x99m)\%, packet_id=3, data_len=158]
[opcode=4, key_id=0, session_id=~\xde\xe5\xb2\xe2\xc1(~, packet_id_ack_array=[4], remote_session_id=\xa5\xf64\x99m)\%, packet_id=4, data_len=233]
[opcode=5, key_id=0, session_id=\xa5\xf64\x99m)\%, packet_id_ack_array=[1], remote_session_id=~\xde\xe5\xb2\xe2\xc1(~]
[opcode=5, key_id=0, session_id=\xa5\xf64\x99m)\%, packet_id_ack_array=[3], remote_session_id=~\xde\xe5\xb2\xe2\xc1(~]
[opcode=5, key_id=0, session_id=\xa5\xf64\x99m)\%, packet_id_ack_array=[4], remote_session_id=~\xde\xe5\xb2\xe2\xc1(~]
[opcode=5, key_id=0, session_id=\xa5\xf64\x99m)\%, packet_id_ack_array=[5], remote_session_id=~\xde\xe5\xb2\xe2\xc1(~]
[opcode=5, key_id=0, session_id=\xa5\xf64\x99m)\%, packet_id_ack_array=[6], remote_session_id=~\xde\xe5\xb2\xe2\xc1(~]
[opcode=5, key_id=0, session_id=\xa5\xf64\x99m)\%, packet_id_ack_array=[7], remote_session_id=~\xde\xe5\xb2\xe2\xc1(~]
[opcode=5, key_id=0, session_id=~\xde\xe5\xb2\xe2\xc1(~, packet_id_ack_array=[2], remote_session_id=\xa5\xf64\x99m)\%]
[opcode=5, key_id=0, session_id=~\xde\xe5\xb2\xe2\xc1(~, packet_id_ack_array=[5], remote_session_id=\xa5\xf64\x99m)\%]
[opcode=5, key_id=0, session_id=~\xde\xe5\xb2\xe2\xc1(~, packet_id_ack_array=[6], remote_session_id=\xa5\xf64\x99m)\%]
[opcode=7, key_id=0, session_id=\xa5\xf64\x99m)\%, packet_id_ack_array=<uninitialized>, remote_session_id=<uninitialized>, packet_id=0, data_len=0]
[opcode=8, key_id=0, session_id=~\xde\xe5\xb2\xe2\xc1(~, packet_id_ack_array=[0], remote_session_id=\xa5\xf64\x99m)\%, packet_id=0, data_len=0]
[opcode=9, key_id=0, data_len=100, peer_id=\x00\x03p]
[opcode=9, key_id=0, data_len=101, peer_id=\x00\x03p]
[opcode=9, key_id=0, data_len=101, peer_id=\x00\x03p]
[opcode=9, key_id=0, data_len=101, peer_id=\x00\x03p]
[opcode=9, key_id=0, data_len=107, peer_id=\x00\x03p]
[opcode=9, key_id=0, data_len=107, peer_id=\x00\x03p]
[opcode=9, key_id=0, data_len=107, peer_id=\x00\x03p]
[opcode=9, key_id=0, data_len=107, peer_id=\x00\x03p]
[opcode=9, key_id=0, data_len=107, peer_id=\x00\x03p]
[opcode=9, key_id=0, data_len=107, peer_id=\x00\x03p]
[opcode=9, key_id=0, data_len=116, peer_id=\x00\x03p]
[opcode=9, key_id=0, data_len=136, peer_id=\x00\x03p]
[opcode=9, key_id=0, data_len=136, peer_id=\x00\x03p]
[opcode=9, key_id=0, data_len=136, peer_id=\x00\x03p]
[opcode=9, key_id=0, data_len=147, peer_id=\x00\x03p]
[opcode=9, key_id=0, data_len=157, peer_id=\x00\x03p]
[opcode=9, key_id=0, data_len=157, peer_id=\x00\x03p]
[opcode=9, key_id=0, data_len=157, peer_id=\x00\x03p]
[opcode=9, key_id=0, data_len=163, peer_id=\x00\x03p]
[opcode=9, key_id=0, data_len=163, peer_id=\x00\x03p]
[opcode=9, key_id=0, data_len=163, peer_id=\x00\x03p]
[opcode=9, key_id=0, data_len=163, peer_id=\x00\x03p]
[opcode=9, key_id=0, data_len=163, peer_id=\x00\x03p]
[opcode=9, key_id=0, data_len=173, peer_id=\x00\x03p]
[opcode=9, key_id=0, data_len=173, peer_id=\x00\x03p]
[opcode=9, key_id=0, data_len=190, peer_id=\x00\x03p]
[opcode=9, key_id=0, data_len=216, peer_id=\x00\x03p]
[opcode=9, key_id=0, data_len=234, peer_id=\x00\x03p]
[opcode=9, key_id=0, data_len=37, peer_id=\x00\x03p]
[opcode=9, key_id=0, data_len=68, peer_id=\x00\x03p]
[opcode=9, key_id=0, data_len=72, peer_id=\x00\x03p]
[opcode=9, key_id=0, data_len=76, peer_id=\x00\x03p]
[opcode=9, key_id=0, data_len=76, peer_id=\x00\x03p]
[opcode=9, key_id=0, data_len=84, peer_id=\x00\x03p]
[opcode=9, key_id=0, data_len=84, peer_id=\x00\x03p]
[opcode=9, key_id=0, data_len=88, peer_id=\x00\x03p]
[opcode=9, key_id=0, data_len=88, peer_id=\x00\x03p]
[opcode=9, key_id=0, data_len=89, peer_id=\x00\x03p]
[opcode=9, key_id=0, data_len=89, peer_id=\x00\x03p]
[opcode=9, key_id=0, data_len=92, peer_id=\x00\x03p]
[opcode=9, key_id=0, data_len=92, peer_id=\x00\x03p]
[opcode=9, key_id=0, data_len=96, peer_id=\x00\x03p]
[opcode=9, key_id=0, data_len=96, peer_id=\x00\x03p]
[opcode=9, key_id=0, data_len=96, peer_id=\x00\x03p]
[opcode=9, key_id=0, data_len=96, peer_id=\x00\x03p]
[opcode=9, key_id=0, data_len=96, peer_id=\x00\x03p]
[opcode=9, key_id=0, data_len=96, peer_id=\x00\x03p]
[opcode=9, key_id=0, data_len=96, peer_id=\x00\x03p]
[opcode=9, key_id=0, data_len=96, peer_id=\x00\x03p]
[opcode=9, key_id=0, data_len=96, peer_id=\x00\x03p]
[opcode=9, key_id=0, data_len=96, peer_id=\x00\x03p]
[opcode=9, key_id=0, data_len=96, peer_id=\x00\x03p]
[opcode=9, key_id=0, data_len=96, peer_id=\x00\x03p]
[opcode=9, key_id=0, data_len=96, peer_id=\x00\x03p]
[opcode=9, key_id=0, data_len=96, peer_id=\x00\x03p]
[opcode=9, key_id=0, data_len=96, peer_id=\x00\x03p]
[opcode=9, key_id=0, data_len=96, peer_id=\x00\x03p]
[opcode=9, key_id=0, data_len=96, peer_id=\x00\x03p]
[opcode=9, key_id=0, data_len=96, peer_id=\x00\x03p]
[opcode=9, key_id=0, data_len=96, peer_id=\x00\x03p]
[opcode=9, key_id=0, data_len=96, peer_id=\x00\x03p]
[opcode=9, key_id=0, data_len=96, peer_id=\x00\x03p]
[opcode=9, key_id=0, data_len=96, peer_id=\x00\x03p]
[opcode=9, key_id=0, data_len=96, peer_id=\x00\x03p]
[opcode=9, key_id=0, data_len=96, peer_id=\x00\x03p]
